module X
    ( x
    , y
    , Z
    , P(x, z)
    ) where
