-- utdemir Hindent can not parse empty case statements #414
-- https://github.com/commercialhaskell/hindent/issues/414
{-# LANGUAGE EmptyCase #-}
{-# LANGUAGE LambdaCase #-}

f1 = case () of {}

f2 = \case {}
