-- joe9 preserve newlines between import groups
-- https://github.com/chrisdone/hindent/issues/200
import           Data.List
import           Data.Maybe

import           FooBar
import           MyProject

import           GHC.Monad

import           Hello

import           CommentAfter
import           HelloWorld

import           CommentAfter

import           HelloWorld

import           CommentAfter

import           HelloWorld

import           ATooLongList (alpha, beta, delta, epsilon, eta, gamma, theta,
                               zeta)
import           B
