-- cdsmith Quotes are dropped from package imports #480
-- https://github.com/commercialhaskell/hindent/issues/480
{-# LANGUAGE PackageImports #-}

import qualified "base" Prelude as P
