{-# LANGUAGE TypeOperators #-}
{-# LANGUAGE MultiParamTypeClasses #-}

type m ~> n = ()

class (a :< b) c
